---
source: crates/oxc_linter/src/tester.rs
---
  ⚠ eslint-plugin-better-tailwindcss(enforce-consistent-important-position): Incorrect important position. "!w-4" should be "w-4!"
   ╭─[enforce_consistent_important_position.tsx:1:17]
 1 │ <div className="!w-4" />
   ·                 ────
   ╰────
  help: Use consistent important modifier position across your codebase

  ⚠ eslint-plugin-better-tailwindcss(enforce-consistent-important-position): Incorrect important position. "hover:!text-red-500" should be "hover:text-red-500!"
   ╭─[enforce_consistent_important_position.tsx:1:17]
 1 │ <div className="hover:!text-red-500" />
   ·                 ───────────────────
   ╰────
  help: Use consistent important modifier position across your codebase

  ⚠ eslint-plugin-better-tailwindcss(enforce-consistent-important-position): Incorrect important position. "sm:hover:!bg-blue-500" should be "sm:hover:bg-blue-500!"
   ╭─[enforce_consistent_important_position.tsx:1:17]
 1 │ <div className="sm:hover:!bg-blue-500" />
   ·                 ─────────────────────
   ╰────
  help: Use consistent important modifier position across your codebase

  ⚠ eslint-plugin-better-tailwindcss(enforce-consistent-important-position): Incorrect important position. "!w-[100px]" should be "w-[100px]!"
   ╭─[enforce_consistent_important_position.tsx:1:17]
 1 │ <div className="!w-[100px]" />
   ·                 ──────────
   ╰────
  help: Use consistent important modifier position across your codebase

  ⚠ eslint-plugin-better-tailwindcss(enforce-consistent-important-position): Incorrect important position. "!w-4" should be "w-4!"
   ╭─[enforce_consistent_important_position.tsx:1:17]
 1 │ <div className="!w-4 text-red-500!" />
   ·                 ──────────────────
   ╰────
  help: Use consistent important modifier position across your codebase

  ⚠ eslint-plugin-better-tailwindcss(enforce-consistent-important-position): Incorrect important position. "hover:!text-red-500" should be "hover:text-red-500!"
   ╭─[enforce_consistent_important_position.tsx:1:17]
 1 │ <div className="hover:!text-red-500 sm:bg-blue-500!" />
   ·                 ───────────────────────────────────
   ╰────
  help: Use consistent important modifier position across your codebase

  ⚠ eslint-plugin-better-tailwindcss(enforce-consistent-important-position): Incorrect important position. "w-4!" should be "!w-4"
   ╭─[enforce_consistent_important_position.tsx:1:17]
 1 │ <div className="w-4!" />
   ·                 ────
   ╰────
  help: Use consistent important modifier position across your codebase

  ⚠ eslint-plugin-better-tailwindcss(enforce-consistent-important-position): Incorrect important position. "hover:text-red-500!" should be "hover:!text-red-500"
   ╭─[enforce_consistent_important_position.tsx:1:17]
 1 │ <div className="hover:text-red-500!" />
   ·                 ───────────────────
   ╰────
  help: Use consistent important modifier position across your codebase

  ⚠ eslint-plugin-better-tailwindcss(enforce-consistent-important-position): Incorrect important position. "sm:hover:bg-blue-500!" should be "sm:hover:!bg-blue-500"
   ╭─[enforce_consistent_important_position.tsx:1:17]
 1 │ <div className="sm:hover:bg-blue-500!" />
   ·                 ─────────────────────
   ╰────
  help: Use consistent important modifier position across your codebase

  ⚠ eslint-plugin-better-tailwindcss(enforce-consistent-important-position): Incorrect important position. "w-[100px]!" should be "!w-[100px]"
   ╭─[enforce_consistent_important_position.tsx:1:17]
 1 │ <div className="w-[100px]!" />
   ·                 ──────────
   ╰────
  help: Use consistent important modifier position across your codebase

  ⚠ eslint-plugin-better-tailwindcss(enforce-consistent-important-position): Incorrect important position. "w-4!" should be "!w-4"
   ╭─[enforce_consistent_important_position.tsx:1:17]
 1 │ <div className="w-4! !text-red-500" />
   ·                 ──────────────────
   ╰────
  help: Use consistent important modifier position across your codebase

  ⚠ eslint-plugin-better-tailwindcss(enforce-consistent-important-position): Incorrect important position. "hover:text-red-500!" should be "hover:!text-red-500"
   ╭─[enforce_consistent_important_position.tsx:1:17]
 1 │ <div className="hover:text-red-500! sm:!bg-blue-500" />
   ·                 ───────────────────────────────────
   ╰────
  help: Use consistent important modifier position across your codebase

  ⚠ eslint-plugin-better-tailwindcss(enforce-consistent-important-position): Incorrect important position. "!w-4" should be "w-4!"
   ╭─[enforce_consistent_important_position.tsx:1:17]
 1 │ <div className="!w-4 !h-4 !bg-red-500" />
   ·                 ─────────────────────
   ╰────
  help: Use consistent important modifier position across your codebase

  ⚠ eslint-plugin-better-tailwindcss(enforce-consistent-important-position): Incorrect important position. "w-4!" should be "!w-4"
   ╭─[enforce_consistent_important_position.tsx:1:17]
 1 │ <div className="w-4! h-4! bg-red-500!" />
   ·                 ─────────────────────
   ╰────
  help: Use consistent important modifier position across your codebase

  ⚠ eslint-plugin-better-tailwindcss(enforce-consistent-important-position): Incorrect important position. "!w-4" should be "w-4!"
   ╭─[enforce_consistent_important_position.tsx:1:17]
 1 │ <div className="!w-4 normal-class hover:!text-red-500" />
   ·                 ─────────────────────────────────────
   ╰────
  help: Use consistent important modifier position across your codebase

  ⚠ eslint-plugin-better-tailwindcss(enforce-consistent-important-position): Incorrect important position. "w-4!" should be "!w-4"
   ╭─[enforce_consistent_important_position.tsx:1:17]
 1 │ <div className="w-4! normal-class hover:text-red-500!" />
   ·                 ─────────────────────────────────────
   ╰────
  help: Use consistent important modifier position across your codebase
