codegen_babel Summary:
AST Parsed     : 2104/2104 (100.00%)
Positive Passed: 2103/2104 (99.95%)
Expect to Parse: "typescript/types/intrinsic-identifier/input.ts"
