minifier_babel Summary:
AST Parsed     : 1646/1646 (100.00%)
Positive Passed: 1646/1646 (100.00%)
